========================================================================
  xrayGraphDB GPU Benchmark — Blackwell Rerun
  DB team GPU code improvements, May 2026
========================================================================

Vertices:  65,608,366
Edges:     3,612,134,270
Storage:   CSR (mmap)
GPU:       NVIDIA RTX PRO 6000 Blackwell Server Edition, 97887 MiB, 580.126.20
Source:    vertex 71768986 (degree 5214)

========================================================================
  Protocol Latency
========================================================================
  RETURN 1 p50: 0.44ms

========================================================================
  BFS TEPS — 16 sources
========================================================================
  Sources: [81306110, 20676652, 62747322, 65642807, 112249582]...
   1/16 v=81306110: 9.7s 65,608,363 vertices (100.0%) 20 hops 371.90 MTEPS GPU=0.0%
   2/16 v=20676652: 6.7s 65,608,365 vertices (100.0%) 20 hops 536.12 MTEPS GPU=0.0%
   3/16 v=62747322: 8.5s 65,608,364 vertices (100.0%) 20 hops 425.55 MTEPS GPU=0.0%
   4/16 v=65642807: 7.1s 65,608,365 vertices (100.0%) 20 hops 509.74 MTEPS GPU=0.0%
   5/16 v=112249582: 6.2s 65,608,365 vertices (100.0%) 20 hops 585.10 MTEPS GPU=0.0%
   6/16 v=91827372: 8.6s 65,608,364 vertices (100.0%) 20 hops 422.47 MTEPS GPU=0.0%
   7/16 v=17987298: 6.5s 65,608,365 vertices (100.0%) 20 hops 558.69 MTEPS GPU=0.0%
   8/16 v=80742272: 5.9s 65,608,364 vertices (100.0%) 20 hops 607.67 MTEPS GPU=0.0%
   9/16 v=105450057: 7.3s 65,608,364 vertices (100.0%) 20 hops 497.42 MTEPS GPU=0.0%
  10/16 v=62785947: 9.2s 65,608,364 vertices (100.0%) 20 hops 394.05 MTEPS GPU=0.0%
  11/16 v=26974747: 8.0s 65,608,365 vertices (100.0%) 20 hops 449.23 MTEPS GPU=0.0%
  12/16 v=29179095: 9.5s 65,608,364 vertices (100.0%) 20 hops 380.13 MTEPS GPU=0.0%
  13/16 v=63389075: 8.7s 65,608,364 vertices (100.0%) 20 hops 414.98 MTEPS GPU=0.0%
  14/16 v=106165530: 8.6s 65,608,364 vertices (100.0%) 20 hops 420.80 MTEPS GPU=0.0%
  15/16 v=31779878: 6.5s 65,608,364 vertices (100.0%) 20 hops 553.87 MTEPS GPU=0.0%
  16/16 v=45266187: 8.3s 65,608,365 vertices (100.0%) 20 hops 436.30 MTEPS GPU=0.0%
  Median: 449.23 MTEPS  Harmonic mean: 461.55 MTEPS

========================================================================
  Hop-by-hop from vertex 71768986 (standard source)
========================================================================
  hop  0:              1 cumulative  (frontier            1)
  hop  1:          5,215 cumulative  (frontier        5,214)
  hop  2:      2,151,463 cumulative  (frontier    2,146,248)
  hop  3:     35,113,876 cumulative  (frontier   32,962,413)
  hop  4:     61,240,094 cumulative  (frontier   26,126,218)
  hop  5:     64,261,382 cumulative  (frontier    3,021,288)
  hop  6:     65,154,032 cumulative  (frontier      892,650)
  hop  7:     65,440,896 cumulative  (frontier      286,864)
  hop  8:     65,545,042 cumulative  (frontier      104,146)
  hop  9:     65,584,463 cumulative  (frontier       39,421)
  hop 10:     65,599,565 cumulative  (frontier       15,102)
  hop 11:     65,605,091 cumulative  (frontier        5,526)
  hop 12:     65,607,152 cumulative  (frontier        2,061)
  hop 13:     65,607,897 cumulative  (frontier          745)
  hop 14:     65,608,166 cumulative  (frontier          269)
  hop 15:     65,608,278 cumulative  (frontier          112)
  Total: 5.505s  GPU avg=0.0%

========================================================================
  PageRank 20 iter
========================================================================
  cold  : 94.61s  result=65608366  GPU avg=0.0% peak=0%  mem=716MB
  warm1 : 96.94s  result=65608366  GPU avg=0.0% peak=0%  mem=716MB
  warm2 : 94.12s  result=65608366  GPU avg=0.0% peak=0%  mem=716MB

========================================================================
  Triangle Count
========================================================================
  cold  : 38.73s  result=4173724142  GPU avg=85.4% peak=100%  mem=15,250MB
  warm1 : 38.13s  result=4173724142  GPU avg=84.9% peak=100%  mem=15,250MB
  warm2 : 38.01s  result=4173724142  GPU avg=85.5% peak=100%  mem=15,250MB

========================================================================
  Community Detection 20 iter
========================================================================
  cold  : 291.17s  result=65608366  GPU avg=0.0% peak=0%  mem=716MB
  warm1 : 274.22s  result=65608366  GPU avg=0.0% peak=0%  mem=716MB
  warm2 : 287.40s  result=65608366  GPU avg=0.0% peak=0%  mem=716MB

========================================================================
  Betweenness eps=0.10
========================================================================
  cold  : 589.33s  result=41136633  GPU avg=0.0% peak=0%  mem=716MB
  warm1 : FAILED (602.3s): Transaction was asked to abort because of transaction timeout.
  warm2 : FAILED (602.6s): Transaction was asked to abort because of transaction timeout.

========================================================================
  Connected Components
========================================================================
  cold  : 41.12s  result=0  GPU avg=0.0% peak=0%  mem=716MB
  warm1 : 38.84s  result=0  GPU avg=0.0% peak=0%  mem=716MB
  warm2 : 38.17s  result=0  GPU avg=0.0% peak=0%  mem=716MB

========================================================================
  K-Core
========================================================================
  cold  : 113.81s  result=304  GPU avg=69.6% peak=100%  mem=15,254MB
  warm1 : 121.06s  result=304  GPU avg=65.5% peak=100%  mem=15,254MB
  warm2 : 111.11s  result=304  GPU avg=71.3% peak=100%  mem=15,254MB

========================================================================
  BENCHMARK COMPLETE
========================================================================

Results saved to /tmp/blackwell_gpu_rerun_results.json
