========================================================================
  DuckDB Benchmark (Friendster)
  Embedded analytical engine — same hardware, same dataset
========================================================================

DuckDB:  1.5.2

========================================================================
  Phase 1: Load Friendster
========================================================================
  Loading SNAP edge list via read_csv...
  Load:    27.6s (1,806,067,135 edges)
  Building node table...
  Nodes:   7.8s (65,608,366 unique)
  Creating indexes...
  Indexes: 750.5s
  Total:   785.9s

========================================================================
  Phase 2: Basic SQL Queries
========================================================================
  Edge count               : 0.070s  result=(1806067135,)
  Node count               : 0.119s  result=(65608366,)
  Degree dist (top 5)      : 0.735s  result=(7688909, 3615)
  Avg degree               : 0.730s  result=(48.09591937804435,)

========================================================================
  Phase 3: BFS via Recursive CTE
========================================================================
  Source: id=7688909, degree=3615
  1-hop: 0.0s  vertices=3,616
  2-hop: 0.3s  vertices=501,730
  3-hop: 9.9s  vertices=15,411,397
  4-hop: 76.7s  vertices=45,012,019
  5-hop: 178.6s  vertices=54,767,254

========================================================================
  Phase 4: Analytical Queries
========================================================================
