========================================================================
  Production Server (.187) Full Benchmark
  128-core EPYC, 503 GB RAM, CPU-only (no GPU)
========================================================================

Vertices: 65,608,366 Edges: 3,612,134,270
RETURN 1 p50: 0.47 ms

========================================================================
  Hop-by-hop from vertex 71768986
========================================================================
  hop  0:              1 cumulative  (frontier            1)
  hop  1:          5,215 cumulative  (frontier        5,214)
  hop  2:      2,151,463 cumulative  (frontier    2,146,248)
  hop  3:     35,113,876 cumulative  (frontier   32,962,413)
  hop  4:     61,240,094 cumulative  (frontier   26,126,218)
  hop  5:     64,261,382 cumulative  (frontier    3,021,288)
  hop  6:     65,154,032 cumulative  (frontier      892,650)
  hop  7:     65,440,896 cumulative  (frontier      286,864)
  hop  8:     65,545,042 cumulative  (frontier      104,146)
  hop  9:     65,584,463 cumulative  (frontier       39,421)
  hop 10:     65,599,565 cumulative  (frontier       15,102)
  hop 11:     65,605,091 cumulative  (frontier        5,526)
  hop 12:     65,607,152 cumulative  (frontier        2,061)
  hop 13:     65,607,897 cumulative  (frontier          745)
  hop 14:     65,608,166 cumulative  (frontier          269)
  hop 15:     65,608,278 cumulative  (frontier          112)
  hop 16:     65,608,316 cumulative  (frontier           38)
  hop 17:     65,608,344 cumulative  (frontier           28)
  hop 18:     65,608,363 cumulative  (frontier           19)
  hop 19:     65,608,364 cumulative  (frontier            1)
  hop 20:     65,608,365 cumulative  (frontier            1)
  Total: 10.195s

========================================================================
  BFS TEPS -- 16 sources
========================================================================
   1/16 v=81306110: 13.8s 65,608,363 vertices (100.0%) 261.01 MTEPS
   2/16 v=20676652: 10.6s 65,608,365 vertices (100.0%) 339.83 MTEPS
   3/16 v=62747322: 14.2s 65,608,364 vertices (100.0%) 254.00 MTEPS
   4/16 v=59743208: 11.6s 65,608,364 vertices (100.0%) 312.26 MTEPS
   5/16 v=112249582: 9.6s 65,608,365 vertices (100.0%) 377.48 MTEPS
   6/16 v=64510051: 16.2s 65,608,364 vertices (100.0%) 223.13 MTEPS
   7/16 v=17987298: 10.1s 65,608,365 vertices (100.0%) 357.27 MTEPS
   8/16 v=91827372: 14.1s 65,608,364 vertices (100.0%) 255.77 MTEPS
   9/16 v=26974747: 13.6s 65,608,365 vertices (100.0%) 266.06 MTEPS
  10/16 v=62785947: 15.8s 65,608,364 vertices (100.0%) 228.55 MTEPS
  11/16 v=69031138: 14.1s 65,608,364 vertices (100.0%) 256.49 MTEPS
  12/16 v=105450057: 11.5s 65,608,364 vertices (100.0%) 315.42 MTEPS
  13/16 v=47120110: 10.5s 65,608,365 vertices (100.0%) 343.41 MTEPS
  14/16 v=80742272: 8.9s 65,608,364 vertices (100.0%) 407.89 MTEPS
  15/16 v=106165530: 14.5s 65,608,364 vertices (100.0%) 249.16 MTEPS
  16/16 v=15017747: 10.7s 65,608,364 vertices (100.0%) 338.81 MTEPS
  Median: 312.26 MTEPS  Harmonic mean: 289.41 MTEPS

========================================================================
  PageRank 20 iter
========================================================================
  cold  : 247.17s  result=65608366
  warm1 : 237.34s  result=65608366
  warm2 : 247.75s  result=65608366

========================================================================
  Triangle Count
========================================================================
  cold  : 146.06s  result=4173724142
  warm1 : 150.93s  result=4173724142
  warm2 : 150.49s  result=4173724142

========================================================================
  Connected Components
========================================================================
  cold  : 81.94s  result=0
  warm1 : 81.87s  result=0
  warm2 : 81.63s  result=0

========================================================================
  K-Core
========================================================================
  cold  : 129.74s  result=304
  warm1 : 129.86s  result=304
  warm2 : 130.31s  result=304

========================================================================
  Community 20 iter
========================================================================
  cold  : 225.10s  result=65608366
  warm1 : 221.20s  result=65608366
  warm2 : 223.47s  result=65608366

========================================================================
  BC Pair-Sampled (ABRA)
========================================================================
  cold (pool alloc)   : 21427.4ms  result=47877
  warm1 (reuse)       : 6139.7ms  result=47866
  warm2               : 6158.4ms  result=47865
  warm3               : 6232.7ms  result=47831

  eps=0.10 cold  : 1859.2ms  result=12124
  eps=0.10 warm1 : 1861.2ms  result=12125
  eps=0.10 warm2 : 1882.7ms  result=12130

========================================================================
  PRODUCTION BENCHMARK COMPLETE
========================================================================
Results saved to /tmp/bench_187_results.json
