========================================================================
  Production Server (.187) Full Benchmark — May 27
  128-core EPYC, 503 GB RAM, CPU-only
========================================================================

Vertices: 65,608,366 Edges: 3,612,134,270
RETURN 1 p50: 0.46 ms

========================================================================
  Hop-by-hop from vertex 71768986
========================================================================
  hop  0:              1 cumulative  (frontier            1)
  hop  1:          5,215 cumulative  (frontier        5,214)
  hop  2:      2,151,463 cumulative  (frontier    2,146,248)
  hop  3:     35,113,876 cumulative  (frontier   32,962,413)
  hop  4:     61,240,094 cumulative  (frontier   26,126,218)
  hop  5:     64,261,382 cumulative  (frontier    3,021,288)
  hop  6:     65,154,032 cumulative  (frontier      892,650)
  hop  7:     65,440,896 cumulative  (frontier      286,864)
  hop  8:     65,545,042 cumulative  (frontier      104,146)
  hop  9:     65,584,463 cumulative  (frontier       39,421)
  hop 10:     65,599,565 cumulative  (frontier       15,102)
  hop 11:     65,605,091 cumulative  (frontier        5,526)
  hop 12:     65,607,152 cumulative  (frontier        2,061)
  hop 13:     65,607,897 cumulative  (frontier          745)
  hop 14:     65,608,166 cumulative  (frontier          269)
  hop 15:     65,608,278 cumulative  (frontier          112)
  hop 16:     65,608,316 cumulative  (frontier           38)
  hop 17:     65,608,344 cumulative  (frontier           28)
  hop 18:     65,608,363 cumulative  (frontier           19)
  hop 19:     65,608,364 cumulative  (frontier            1)
  hop 20:     65,608,365 cumulative  (frontier            1)
  Total: 8.218s

========================================================================
  BFS TEPS -- 16 sources
========================================================================
   1/16 v=81306110: 14.2s 65,608,363 vertices (100.0%) 254.35 MTEPS
   2/16 v=20676652: 10.6s 65,608,365 vertices (100.0%) 341.78 MTEPS
   3/16 v=62747322: 14.6s 65,608,364 vertices (100.0%) 246.81 MTEPS
   4/16 v=59743208: 11.6s 65,608,364 vertices (100.0%) 312.32 MTEPS
   5/16 v=112249582: 9.5s 65,608,365 vertices (100.0%) 382.12 MTEPS
   6/16 v=17987298: 10.1s 65,608,365 vertices (100.0%) 356.76 MTEPS
   7/16 v=64510051: 16.1s 65,608,364 vertices (100.0%) 224.43 MTEPS
   8/16 v=91827372: 15.1s 65,608,364 vertices (100.0%) 239.66 MTEPS
   9/16 v=26974747: 13.3s 65,608,365 vertices (100.0%) 271.08 MTEPS
  10/16 v=62785947: 16.3s 65,608,364 vertices (100.0%) 221.82 MTEPS
  11/16 v=69031138: 14.6s 65,608,364 vertices (100.0%) 247.63 MTEPS
  12/16 v=105450057: 12.1s 65,608,364 vertices (100.0%) 299.63 MTEPS
  13/16 v=80742272: 8.8s 65,608,364 vertices (100.0%) 408.19 MTEPS
  14/16 v=106165530: 14.7s 65,608,364 vertices (100.0%) 245.43 MTEPS
  15/16 v=15017747: 10.7s 65,608,364 vertices (100.0%) 336.29 MTEPS
  16/16 v=22048356: 14.0s 65,608,364 vertices (100.0%) 257.62 MTEPS
  Median: 271.08 MTEPS  Harmonic mean: 280.15 MTEPS

========================================================================
  PageRank 20 iter
========================================================================
  cold  : 250.56s  result=65608366
  warm1 : 242.66s  result=65608366
  warm2 : 251.23s  result=65608366

========================================================================
  Triangle Count
========================================================================
  cold  : 142.34s  result=4173724142
  warm1 : 150.27s  result=4173724142
  warm2 : 146.58s  result=4173724142

========================================================================
  Connected Components
========================================================================
  cold  : 86.30s  result=0
  warm1 : 85.87s  result=0
  warm2 : 86.07s  result=0

========================================================================
  K-Core
========================================================================
  cold  : 131.48s  result=304
  warm1 : 130.21s  result=304
  warm2 : 131.03s  result=304

========================================================================
  Community 20 iter
========================================================================
  cold  : 228.31s  result=65608366
  warm1 : 229.28s  result=65608366
  warm2 : 228.15s  result=65608366

========================================================================
  BC Pair-Sampled (ABRA)
========================================================================
  cold (pool alloc)   : 20912.0ms  result=47904
  warm1 (reuse)       : 6013.5ms  result=47822
  warm2               : 5974.2ms  result=47811
  warm3               : 5967.2ms  result=47783

  eps=0.1 cold  : 1797.9ms  result=12147
  eps=0.1 warm1 : 1814.8ms  result=12140
  eps=0.1 warm2 : 1802.6ms  result=12125

========================================================================
  PRODUCTION BENCHMARK COMPLETE
========================================================================
Results saved to /tmp/bench_187_results.json
